  Determining projects to restore...
  All projects are up-to-date for restore.
C:\Users\rayan\Desktop\Project-Mars\qa-dotnet-cucumber\Config\config.cs(25,23): warning CS8618: Non-nullable property 'BaseUrl' must contain a non-null value when exiting constructor. Consider adding the 'required' modifier or declaring the property as nullable. [C:\Users\rayan\Desktop\Project-Mars\qa-dotnet-cucumber\qa-dotnet-cucumber.csproj]
C:\Users\rayan\Desktop\Project-Mars\qa-dotnet-cucumber\Config\config.cs(5,32): warning CS8618: Non-nullable property 'Browser' must contain a non-null value when exiting constructor. Consider adding the 'required' modifier or declaring the property as nullable. [C:\Users\rayan\Desktop\Project-Mars\qa-dotnet-cucumber\qa-dotnet-cucumber.csproj]
C:\Users\rayan\Desktop\Project-Mars\qa-dotnet-cucumber\Config\config.cs(6,31): warning CS8618: Non-nullable property 'Report' must contain a non-null value when exiting constructor. Consider adding the 'required' modifier or declaring the property as nullable. [C:\Users\rayan\Desktop\Project-Mars\qa-dotnet-cucumber\qa-dotnet-cucumber.csproj]
C:\Users\rayan\Desktop\Project-Mars\qa-dotnet-cucumber\Config\config.cs(7,36): warning CS8618: Non-nullable property 'Environment' must contain a non-null value when exiting constructor. Consider adding the 'required' modifier or declaring the property as nullable. [C:\Users\rayan\Desktop\Project-Mars\qa-dotnet-cucumber\qa-dotnet-cucumber.csproj]
C:\Users\rayan\Desktop\Project-Mars\qa-dotnet-cucumber\Config\config.cs(19,23): warning CS8618: Non-nullable property 'Path' must contain a non-null value when exiting constructor. Consider adding the 'required' modifier or declaring the property as nullable. [C:\Users\rayan\Desktop\Project-Mars\qa-dotnet-cucumber\qa-dotnet-cucumber.csproj]
C:\Users\rayan\Desktop\Project-Mars\qa-dotnet-cucumber\Config\config.cs(20,23): warning CS8618: Non-nullable property 'Title' must contain a non-null value when exiting constructor. Consider adding the 'required' modifier or declaring the property as nullable. [C:\Users\rayan\Desktop\Project-Mars\qa-dotnet-cucumber\qa-dotnet-cucumber.csproj]
C:\Users\rayan\Desktop\Project-Mars\qa-dotnet-cucumber\Config\config.cs(12,23): warning CS8618: Non-nullable property 'Type' must contain a non-null value when exiting constructor. Consider adding the 'required' modifier or declaring the property as nullable. [C:\Users\rayan\Desktop\Project-Mars\qa-dotnet-cucumber\qa-dotnet-cucumber.csproj]
C:\Users\rayan\Desktop\Project-Mars\qa-dotnet-cucumber\Hooks\Hooks.cs(38,25): warning CS8601: Possible null reference assignment. [C:\Users\rayan\Desktop\Project-Mars\qa-dotnet-cucumber\qa-dotnet-cucumber.csproj]
C:\Users\rayan\Desktop\Project-Mars\qa-dotnet-cucumber\Hooks\Hooks.cs(42,37): warning CS8602: Dereference of a possibly null reference. [C:\Users\rayan\Desktop\Project-Mars\qa-dotnet-cucumber\qa-dotnet-cucumber.csproj]
C:\Users\rayan\Desktop\Project-Mars\qa-dotnet-cucumber\Hooks\Hooks.cs(21,37): warning CS8618: Non-nullable field '_settings' must contain a non-null value when exiting constructor. Consider adding the 'required' modifier or declaring the field as nullable. [C:\Users\rayan\Desktop\Project-Mars\qa-dotnet-cucumber\qa-dotnet-cucumber.csproj]
  qa-dotnet-cucumber -> C:\Users\rayan\Desktop\Project-Mars\qa-dotnet-cucumber\bin\Debug\net8.0\qa-dotnet-cucumber.dll
Test run for C:\Users\rayan\Desktop\Project-Mars\qa-dotnet-cucumber\bin\Debug\net8.0\qa-dotnet-cucumber.dll (.NETCoreApp,Version=v8.0)
VSTest version 17.14.1 (x64)

Starting test execution, please wait...
A total of 1 test files matched the specified pattern.
